<?xml version="1.0" encoding="utf-8"?>
<book id="listing" title="我的书单">
    <chapter id="books">
        <title>我的书</title>
        <para>
            <informaltable>
                <tgroup cols="4">
                    <thead>
                        <row>
                            <entry>标题</entry>
                            <entry>作者</entry>
                            <entry>语言</entry>
                            <entry>ISBN</entry>
                        </row>
                    </thead>
                    <tbody>
                        <row>
                            <entry>The Grapes of Wrath</entry>
                            <entry>John Steinbeck</entry>
                            <entry>en</entry>
                            <entry>0140186409</entry>
                        </row>
                        <row>
                            <entry>The Pearl</entry>
                            <entry>John Steinbeck</entry>
                            <entry>en</entry>
                            <entry>014017737X</entry>
                        </row>
                        <row>
                            <entry>Samarcande</entry>
                            <entry>Amine Maalouf</entry>
                            <entry>fr</entry>
                            <entry>2253051209</entry>
                        </row>
                    </tbody>
                </tgroup>
            </informaltable>
        </para>
    </chapter>
</book>